/root/2022351442820718592/src/cell_type_annotation.py:288: FutureWarning: Use anndata.concat instead of AnnData.concatenate, AnnData.concatenate is deprecated and will be removed in the future. See the tutorial for concat at: https://anndata.readthedocs.io/en/latest/concatenation.html
  adata_concat = sc.AnnData.concatenate(adata_train_val, adata_test, join='outer')
2026-02-13 16:51:29,319 - INFO - PretrainLogger is configured and ready.
2026-02-13 16:51:29,321 - INFO - args from parser: Namespace(local_rank=0, batch_size=8, learning_rate=0.0003, pretrain_checkpoint_path='/inspire/cpfs/tenant_predefaa-9a1b-4522-bb10-8850f313be13/global_user/0815-shenlijie/data/checkpoints', pretrain_model_file='model.pt', pretrain_config_file='chromfd_pretrain.yaml', cell_type_col='celltype', epoch=5, train_file_path='/inspire/cpfs/tenant_predefaa-9a1b-4522-bb10-8850f313be13/global_user/0815-shenlijie/data/sample_data/PBMC169K/atac_pbmc_benchmark_EPF_hydrop_1_qc_deepen_norm_log.h5ad', test_file_path='/inspire/cpfs/tenant_predefaa-9a1b-4522-bb10-8850f313be13/global_user/0815-shenlijie/data/sample_data/PBMC169K/atac_pbmc_benchmark_VIB_10xv1_1_qc_deepen_norm_log.h5ad', log_path='/inspire/cpfs/tenant_predefaa-9a1b-4522-bb10-8850f313be13/global_user/0815-shenlijie/data/sample_data/PBMC169K/cell_type_annotation', load_pretrain_ckpt=True)
2026-02-13 16:51:29,321 - INFO - max length for cell type finetune: 1000
2026-02-13 16:51:30,025 - INFO - Model parameters: FinetuneModelMambaCellType(
  (embedding): PretrainEmbeddingSimple(
    (value_embedding): ValueEmbedding(
      (embedding): Linear(in_features=1, out_features=128, bias=True)
    )
    (chromosome_embedding): Embedding(25, 128)
    (position_embedding): PositionalEmbeddingWithDnaPosition()
    (dropout): Dropout(p=0.1, inplace=False)
  )
  (backbone): MambaMixer(
    (layers): ModuleList(
      (0-3): 4 x Block(
        (norm): RMSNorm()
        (mixer): Mamba(
          (in_proj): Linear(in_features=32, out_features=128, bias=False)
          (conv1d): Conv1d(64, 64, kernel_size=(4,), stride=(1,), padding=(3,), groups=64)
          (act): SiLU()
          (x_proj): Linear(in_features=64, out_features=34, bias=False)
          (dt_proj): Linear(in_features=2, out_features=64, bias=True)
          (out_proj): Linear(in_features=64, out_features=32, bias=False)
        )
        (reduction_layer): Linear(in_features=128, out_features=32, bias=True)
        (expansion_layer): Linear(in_features=32, out_features=128, bias=True)
        (chromfound_block): ChromFoundTransformerBlock(
          (norm1): LayerNorm((128,), eps=1e-05, elementwise_affine=True)
          (attn): WindowAttention1D(
            (qkv): Linear(in_features=128, out_features=384, bias=True)
            (attn_drop): Dropout(p=0.0, inplace=False)
            (proj): Linear(in_features=128, out_features=128, bias=True)
            (proj_drop): Dropout(p=0.0, inplace=False)
          )
          (drop_path): Identity()
          (norm2): LayerNorm((128,), eps=1e-05, elementwise_affine=True)
          (mlp): Mlp(
            (fc1): Linear(in_features=128, out_features=128, bias=True)
            (act): GELU(approximate='none')
            (fc2): Linear(in_features=128, out_features=128, bias=True)
            (drop): Dropout(p=0.0, inplace=False)
          )
        )
      )
    )
    (norm_f): RMSNorm()
  )
  (mask_token_prediction): MaskTokenPrediction(
    (projection): Linear(in_features=128, out_features=1, bias=True)
  )
  (post_backbone_dropout): Dropout(p=0.3, inplace=False)
  (feature_projection): Sequential(
    (0): Linear(in_features=128, out_features=256, bias=True)
    (1): GELU(approximate='none')
    (2): Dropout(p=0.3, inplace=False)
    (3): Linear(in_features=256, out_features=1, bias=True)
    (4): GELU(approximate='none')
  )
  (ft_cell_type_projection): Sequential(
    (0): Linear(in_features=1000, out_features=1024, bias=True)
    (1): GELU(approximate='none')
    (2): Dropout(p=0.3, inplace=False)
    (3): Linear(in_features=1024, out_features=512, bias=True)
    (4): GELU(approximate='none')
    (5): Dropout(p=0.3, inplace=False)
    (6): Linear(in_features=512, out_features=128, bias=True)
    (7): GELU(approximate='none')
    (8): Dropout(p=0.3, inplace=False)
    (9): Linear(in_features=128, out_features=5, bias=True)
  )
)
/root/2022351442820718592/src/cell_type_annotation.py:393: FutureWarning: You are using `torch.load` with `weights_only=False` (the current default value), which uses the default pickle module implicitly. It is possible to construct malicious pickle data which will execute arbitrary code during unpickling (See https://github.com/pytorch/pytorch/blob/main/SECURITY.md#untrusted-models for more details). In a future release, the default value for `weights_only` will be flipped to `True`. This limits the functions that could be executed during unpickling. Arbitrary objects will no longer be allowed to be loaded via this mode unless they are explicitly allowlisted by the user via `torch.serialization.add_safe_globals`. We recommend you start setting `weights_only=True` for any use case where you don't have full control of the loaded file. Please open an issue on GitHub for any issues related to this experimental feature.
  state_dict = torch.load(str(os.path.join(args.pretrain_checkpoint_path, args.pretrain_model_file)))
2026-02-13 16:51:33,890 - INFO - [Train] loss at epoch 0 step 0: 1.5851969718933105, accuracy: 0.2500, lr: 2.9999671014522825e-05
2026-02-13 16:51:34,657 - INFO - [Evaluate] loss at epoch 0 step 0: 1.6431177854537964, cell type accuracy: 0.1500, f1 score: 0.0856, lr: 0.000030
2026-02-13 16:51:34,657 - INFO - [Test] loss at epoch 0 step 0: 1.626495599746704, cell type accuracy: 0.1900, f1 score: 0.1106, lr: 0.000030
2026-02-13 16:51:34,694 - INFO - [Test] best validation f1_score: 0.0856 at epoch 0 step 0, test accuracy: 0.1900, f1 score: 0.1106
2026-02-13 16:51:35,378 - INFO - [Train] loss at epoch 0 step 20: 1.5801653861999512, accuracy: 0.2500, lr: 2.9855176495000345e-05
2026-02-13 16:51:36,145 - INFO - [Evaluate] loss at epoch 0 step 20: 1.6213479042053223, cell type accuracy: 0.1875, f1 score: 0.0791, lr: 0.000030
2026-02-13 16:51:36,145 - INFO - [Test] loss at epoch 0 step 20: 1.619773030281067, cell type accuracy: 0.1750, f1 score: 0.0678, lr: 0.000030
2026-02-13 16:51:36,811 - INFO - [Train] loss at epoch 0 step 40: 1.6828662157058716, accuracy: 0.2500, lr: 2.945073865629077e-05
2026-02-13 16:51:37,579 - INFO - [Evaluate] loss at epoch 0 step 40: 1.6133310794830322, cell type accuracy: 0.1875, f1 score: 0.0632, lr: 0.000029
2026-02-13 16:51:37,580 - INFO - [Test] loss at epoch 0 step 40: 1.626812219619751, cell type accuracy: 0.1750, f1 score: 0.0596, lr: 0.000029
2026-02-13 16:51:38,238 - INFO - [Train] loss at epoch 0 step 60: 1.8098783493041992, accuracy: 0.1250, lr: 2.8794229420883396e-05
2026-02-13 16:51:39,006 - INFO - [Evaluate] loss at epoch 0 step 60: 1.6364425420761108, cell type accuracy: 0.1375, f1 score: 0.0762, lr: 0.000029
2026-02-13 16:51:39,006 - INFO - [Test] loss at epoch 0 step 60: 1.6409493684768677, cell type accuracy: 0.1800, f1 score: 0.1275, lr: 0.000029
2026-02-13 16:51:39,665 - INFO - [Train] loss at epoch 0 step 80: 1.719546914100647, accuracy: 0.0000, lr: 2.7898426994277206e-05
2026-02-13 16:51:40,433 - INFO - [Evaluate] loss at epoch 0 step 80: 1.6346603631973267, cell type accuracy: 0.1500, f1 score: 0.0527, lr: 0.000028
2026-02-13 16:51:40,433 - INFO - [Test] loss at epoch 0 step 80: 1.6297578811645508, cell type accuracy: 0.2150, f1 score: 0.0711, lr: 0.000028
2026-02-13 16:51:41,125 - INFO - [Train] loss at epoch 1 step 100: 1.6506929397583008, accuracy: 0.2500, lr: 2.6780767151745948e-05
2026-02-13 16:51:41,889 - INFO - [Evaluate] loss at epoch 1 step 100: 1.6401389837265015, cell type accuracy: 0.1500, f1 score: 0.0522, lr: 0.000027
2026-02-13 16:51:41,889 - INFO - [Test] loss at epoch 1 step 100: 1.6168149709701538, cell type accuracy: 0.2150, f1 score: 0.0708, lr: 0.000027
2026-02-13 16:51:42,543 - INFO - [Train] loss at epoch 1 step 120: 1.699887752532959, accuracy: 0.2500, lr: 2.5463003870805264e-05
2026-02-13 16:51:43,304 - INFO - [Evaluate] loss at epoch 1 step 120: 1.6284581422805786, cell type accuracy: 0.1750, f1 score: 0.0596, lr: 0.000025
2026-02-13 16:51:43,304 - INFO - [Test] loss at epoch 1 step 120: 1.6211501359939575, cell type accuracy: 0.1800, f1 score: 0.0689, lr: 0.000025
2026-02-13 16:51:43,958 - INFO - [Train] loss at epoch 1 step 140: 1.6244888305664062, accuracy: 0.2500, lr: 2.3970785914785154e-05
2026-02-13 16:51:44,720 - INFO - [Evaluate] loss at epoch 1 step 140: 1.6076425313949585, cell type accuracy: 0.2125, f1 score: 0.0701, lr: 0.000024
2026-02-13 16:51:44,720 - INFO - [Test] loss at epoch 1 step 140: 1.6168756484985352, cell type accuracy: 0.1750, f1 score: 0.0596, lr: 0.000024
2026-02-13 16:51:45,372 - INFO - [Train] loss at epoch 1 step 160: 1.6633801460266113, accuracy: 0.1250, lr: 2.233315760882677e-05
2026-02-13 16:51:46,136 - INFO - [Evaluate] loss at epoch 1 step 160: 1.6251869201660156, cell type accuracy: 0.1375, f1 score: 0.0783, lr: 0.000022
2026-02-13 16:51:46,136 - INFO - [Test] loss at epoch 1 step 160: 1.6241936683654785, cell type accuracy: 0.2150, f1 score: 0.1156, lr: 0.000022
2026-02-13 16:51:46,835 - INFO - [Train] loss at epoch 2 step 180: 1.5851962566375732, accuracy: 0.3750, lr: 2.0581993525131006e-05
2026-02-13 16:51:47,607 - INFO - [Evaluate] loss at epoch 2 step 180: 1.6373120546340942, cell type accuracy: 0.1500, f1 score: 0.0522, lr: 0.000021
2026-02-13 16:51:47,607 - INFO - [Test] loss at epoch 2 step 180: 1.623014211654663, cell type accuracy: 0.2150, f1 score: 0.0708, lr: 0.000021
2026-02-13 16:51:48,261 - INFO - [Train] loss at epoch 2 step 200: 1.593437910079956, accuracy: 0.2500, lr: 1.8751378080667377e-05
2026-02-13 16:51:49,025 - INFO - [Evaluate] loss at epoch 2 step 200: 1.6754484176635742, cell type accuracy: 0.1500, f1 score: 0.0522, lr: 0.000019
2026-02-13 16:51:49,025 - INFO - [Test] loss at epoch 2 step 200: 1.6497081518173218, cell type accuracy: 0.2150, f1 score: 0.0708, lr: 0.000019
2026-02-13 16:51:49,681 - INFO - [Train] loss at epoch 2 step 220: 1.6370410919189453, accuracy: 0.2500, lr: 1.6876942122768172e-05
2026-02-13 16:51:50,443 - INFO - [Evaluate] loss at epoch 2 step 220: 1.6401110887527466, cell type accuracy: 0.2000, f1 score: 0.0667, lr: 0.000017
2026-02-13 16:51:50,443 - INFO - [Test] loss at epoch 2 step 220: 1.6299004554748535, cell type accuracy: 0.1650, f1 score: 0.0569, lr: 0.000017
2026-02-13 16:51:51,097 - INFO - [Train] loss at epoch 2 step 240: 1.5323221683502197, accuracy: 0.5000, lr: 1.4995169415214582e-05
2026-02-13 16:51:51,861 - INFO - [Evaluate] loss at epoch 2 step 240: 1.658569574356079, cell type accuracy: 0.1875, f1 score: 0.0632, lr: 0.000015
2026-02-13 16:51:51,861 - INFO - [Test] loss at epoch 2 step 240: 1.6407369375228882, cell type accuracy: 0.1750, f1 score: 0.0596, lr: 0.000015
2026-02-13 16:51:52,512 - INFO - [Train] loss at epoch 2 step 260: 1.6731823682785034, accuracy: 0.0000, lr: 1.3142686523274443e-05
2026-02-13 16:51:53,275 - INFO - [Evaluate] loss at epoch 2 step 260: 1.6273373365402222, cell type accuracy: 0.1875, f1 score: 0.0632, lr: 0.000013
2026-02-13 16:51:53,275 - INFO - [Test] loss at epoch 2 step 260: 1.6350620985031128, cell type accuracy: 0.1750, f1 score: 0.0596, lr: 0.000013
2026-02-13 16:51:53,968 - INFO - [Train] loss at epoch 3 step 280: 1.6122242212295532, accuracy: 0.1250, lr: 1.1355549919271285e-05
2026-02-13 16:51:54,726 - INFO - [Evaluate] loss at epoch 3 step 280: 1.6164621114730835, cell type accuracy: 0.2500, f1 score: 0.0808, lr: 0.000011
2026-02-13 16:51:54,726 - INFO - [Test] loss at epoch 3 step 280: 1.6178562641143799, cell type accuracy: 0.1950, f1 score: 0.0655, lr: 0.000011
2026-02-13 16:51:55,380 - INFO - [Train] loss at epoch 3 step 300: 1.5820469856262207, accuracy: 0.2500, lr: 9.668544184364272e-06
2026-02-13 16:51:56,159 - INFO - [Evaluate] loss at epoch 3 step 300: 1.6176707744598389, cell type accuracy: 0.1750, f1 score: 0.0602, lr: 0.000010
2026-02-13 16:51:56,159 - INFO - [Test] loss at epoch 3 step 300: 1.6148308515548706, cell type accuracy: 0.1750, f1 score: 0.0601, lr: 0.000010
2026-02-13 16:51:56,818 - INFO - [Train] loss at epoch 3 step 320: 1.5968260765075684, accuracy: 0.1250, lr: 8.11450496624279e-06
2026-02-13 16:51:57,578 - INFO - [Evaluate] loss at epoch 3 step 320: 1.6322612762451172, cell type accuracy: 0.1500, f1 score: 0.0522, lr: 0.000008
2026-02-13 16:51:57,578 - INFO - [Test] loss at epoch 3 step 320: 1.6262245178222656, cell type accuracy: 0.2100, f1 score: 0.0694, lr: 0.000008
2026-02-13 16:51:58,230 - INFO - [Train] loss at epoch 3 step 340: 1.5894997119903564, accuracy: 0.5000, lr: 6.7236798705941705e-06
2026-02-13 16:51:58,989 - INFO - [Evaluate] loss at epoch 3 step 340: 1.6317801475524902, cell type accuracy: 0.1375, f1 score: 0.0808, lr: 0.000007
2026-02-13 16:51:58,989 - INFO - [Test] loss at epoch 3 step 340: 1.6235181093215942, cell type accuracy: 0.2200, f1 score: 0.1149, lr: 0.000007
2026-02-13 16:51:59,690 - INFO - [Train] loss at epoch 4 step 360: 1.648499846458435, accuracy: 0.0000, lr: 5.523139725865116e-06
2026-02-13 16:52:00,459 - INFO - [Evaluate] loss at epoch 4 step 360: 1.6279115676879883, cell type accuracy: 0.1750, f1 score: 0.1001, lr: 0.000006
2026-02-13 16:52:00,459 - INFO - [Test] loss at epoch 4 step 360: 1.6213937997817993, cell type accuracy: 0.2150, f1 score: 0.1257, lr: 0.000006
2026-02-13 16:52:00,462 - INFO - [Test] best validation f1_score: 0.1001 at epoch 4 step 360, test accuracy: 0.2150, f1 score: 0.1257
2026-02-13 16:52:01,132 - INFO - [Train] loss at epoch 4 step 380: 1.678139090538025, accuracy: 0.0000, lr: 4.536251680378595e-06
2026-02-13 16:52:01,892 - INFO - [Evaluate] loss at epoch 4 step 380: 1.627281904220581, cell type accuracy: 0.1875, f1 score: 0.0632, lr: 0.000005
2026-02-13 16:52:01,892 - INFO - [Test] loss at epoch 4 step 380: 1.620664358139038, cell type accuracy: 0.1750, f1 score: 0.0596, lr: 0.000005
2026-02-13 16:52:02,543 - INFO - [Train] loss at epoch 4 step 400: 1.6280717849731445, accuracy: 0.1250, lr: 3.7822243873714905e-06
2026-02-13 16:52:03,301 - INFO - [Evaluate] loss at epoch 4 step 400: 1.6275415420532227, cell type accuracy: 0.1750, f1 score: 0.0794, lr: 0.000004
2026-02-13 16:52:03,301 - INFO - [Test] loss at epoch 4 step 400: 1.6193007230758667, cell type accuracy: 0.1850, f1 score: 0.0931, lr: 0.000004
2026-02-13 16:52:04,142 - INFO - [Train] loss at epoch 4 step 420: 1.5923113822937012, accuracy: 0.2500, lr: 3.275734130408855e-06
2026-02-13 16:52:04,904 - INFO - [Evaluate] loss at epoch 4 step 420: 1.6273149251937866, cell type accuracy: 0.1750, f1 score: 0.0999, lr: 0.000003
2026-02-13 16:52:04,904 - INFO - [Test] loss at epoch 4 step 420: 1.6191390752792358, cell type accuracy: 0.2150, f1 score: 0.1249, lr: 0.000003
2026-02-13 16:52:05,552 - INFO - [Train] loss at epoch 4 step 440: 1.5722144842147827, accuracy: 0.1250, lr: 3.0266391662183333e-06
2026-02-13 16:52:06,318 - INFO - [Evaluate] loss at epoch 4 step 440: 1.6276330947875977, cell type accuracy: 0.1750, f1 score: 0.0895, lr: 0.000003
2026-02-13 16:52:06,318 - INFO - [Test] loss at epoch 4 step 440: 1.619416356086731, cell type accuracy: 0.1950, f1 score: 0.1107, lr: 0.000003
Reading h5ad file from /inspire/cpfs/tenant_predefaa-9a1b-4522-bb10-8850f313be13/global_user/0815-shenlijie/data/sample_data/PBMC169K/atac_pbmc_benchmark_EPF_hydrop_1_qc_deepen_norm_log.h5ad
Reading h5ad file from /inspire/cpfs/tenant_predefaa-9a1b-4522-bb10-8850f313be13/global_user/0815-shenlijie/data/sample_data/PBMC169K/atac_pbmc_benchmark_VIB_10xv1_1_qc_deepen_norm_log.h5ad
Train Dataset Length: 720
Validation Dataset Length: 80
Test Dataset Length: 200
Missing keys (not found in checkpoint):
  feature_projection.0.weight
  feature_projection.0.bias
  feature_projection.3.weight
  feature_projection.3.bias
  ft_cell_type_projection.0.weight
  ft_cell_type_projection.0.bias
  ft_cell_type_projection.3.weight
  ft_cell_type_projection.3.bias
  ft_cell_type_projection.6.weight
  ft_cell_type_projection.6.bias
  ft_cell_type_projection.9.weight
  ft_cell_type_projection.9.bias
Training completed with return code: 0
