/opt/conda/lib/python3.11/site-packages/anndata/_core/anndata.py:1823: UserWarning: Observation names are not unique. To make them unique, call `.obs_names_make_unique`.
  utils.warn_names_duplicates("obs")
2026-02-14 10:49:59,103 - INFO - PretrainLogger is configured and ready.
2026-02-14 10:49:59,106 - INFO - args from parser: Namespace(local_rank=0, batch_size=8, learning_rate=0.0003, backbone_lr=1e-05, head_lr=0.001, pretrain_checkpoint_path='checkpoints', pretrain_model_file='model.pt', pretrain_config_file='chromfd_pretrain.yaml', cell_type_col='celltype', epoch=5, train_file_path='src/sample_data/PBMC169K/atac_pbmc_benchmark_EPF_hydrop_1_qc_deepen_norm_log.h5ad', test_file_path='src/sample_data/PBMC169K/atac_pbmc_benchmark_VIB_10xv1_1_qc_deepen_norm_log.h5ad', log_path='baseline/idea/idea-1/cell_type_annotation', load_pretrain_ckpt=True)
2026-02-14 10:49:59,106 - INFO - max length for cell type finetune: 1000
2026-02-14 10:49:59,787 - INFO - Model parameters: FinetuneModelMambaCellType(
  (embedding): PretrainEmbeddingSimple(
    (value_embedding): ValueEmbedding(
      (embedding): Linear(in_features=1, out_features=128, bias=True)
    )
    (chromosome_embedding): Embedding(25, 128)
    (position_embedding): PositionalEmbeddingWithDnaPosition()
    (dropout): Dropout(p=0.1, inplace=False)
  )
  (backbone): MambaMixer(
    (layers): ModuleList(
      (0-3): 4 x Block(
        (norm): RMSNorm()
        (mixer): Mamba(
          (in_proj): Linear(in_features=32, out_features=128, bias=False)
          (conv1d): Conv1d(64, 64, kernel_size=(4,), stride=(1,), padding=(3,), groups=64)
          (act): SiLU()
          (x_proj): Linear(in_features=64, out_features=34, bias=False)
          (dt_proj): Linear(in_features=2, out_features=64, bias=True)
          (out_proj): Linear(in_features=64, out_features=32, bias=False)
        )
        (reduction_layer): Linear(in_features=128, out_features=32, bias=True)
        (expansion_layer): Linear(in_features=32, out_features=128, bias=True)
        (chromfound_block): ChromFoundTransformerBlock(
          (norm1): LayerNorm((128,), eps=1e-05, elementwise_affine=True)
          (attn): WindowAttention1D(
            (qkv): Linear(in_features=128, out_features=384, bias=True)
            (attn_drop): Dropout(p=0.0, inplace=False)
            (proj): Linear(in_features=128, out_features=128, bias=True)
            (proj_drop): Dropout(p=0.0, inplace=False)
          )
          (drop_path): Identity()
          (norm2): LayerNorm((128,), eps=1e-05, elementwise_affine=True)
          (mlp): Mlp(
            (fc1): Linear(in_features=128, out_features=128, bias=True)
            (act): GELU(approximate='none')
            (fc2): Linear(in_features=128, out_features=128, bias=True)
            (drop): Dropout(p=0.0, inplace=False)
          )
        )
      )
    )
    (norm_f): RMSNorm()
  )
  (mask_token_prediction): MaskTokenPrediction(
    (projection): Linear(in_features=128, out_features=1, bias=True)
  )
  (post_backbone_dropout): Dropout(p=0.3, inplace=False)
  (feature_projection): Sequential(
    (0): Linear(in_features=128, out_features=256, bias=True)
    (1): GELU(approximate='none')
    (2): Dropout(p=0.3, inplace=False)
    (3): Linear(in_features=256, out_features=1, bias=True)
    (4): GELU(approximate='none')
  )
  (ft_cell_type_projection): Sequential(
    (0): Linear(in_features=1000, out_features=1024, bias=True)
    (1): GELU(approximate='none')
    (2): Dropout(p=0.3, inplace=False)
    (3): Linear(in_features=1024, out_features=512, bias=True)
    (4): GELU(approximate='none')
    (5): Dropout(p=0.3, inplace=False)
    (6): Linear(in_features=512, out_features=128, bias=True)
    (7): GELU(approximate='none')
    (8): Dropout(p=0.3, inplace=False)
    (9): Linear(in_features=128, out_features=5, bias=True)
  )
)
2026-02-14 10:49:59,788 - INFO - Optimizer parameter groups:
2026-02-14 10:49:59,788 - INFO -   Backbone parameters: 110 parameters with LR=1e-05
2026-02-14 10:49:59,788 - INFO -   Head parameters: 12 parameters with LR=0.001
/root/2022622519161511936/src/cell_type_annotation.py:397: FutureWarning: You are using `torch.load` with `weights_only=False` (the current default value), which uses the default pickle module implicitly. It is possible to construct malicious pickle data which will execute arbitrary code during unpickling (See https://github.com/pytorch/pytorch/blob/main/SECURITY.md#untrusted-models for more details). In a future release, the default value for `weights_only` will be flipped to `True`. This limits the functions that could be executed during unpickling. Arbitrary objects will no longer be allowed to be loaded via this mode unless they are explicitly allowlisted by the user via `torch.serialization.add_safe_globals`. We recommend you start setting `weights_only=True` for any use case where you don't have full control of the loaded file. Please open an issue on GitHub for any issues related to this experimental feature.
  state_dict = torch.load(str(os.path.join(args.pretrain_checkpoint_path, args.pretrain_model_file)))
2026-02-14 10:50:03,384 - INFO - [Train] loss at epoch 0 step 0: 0.9845240116119385, accuracy: 0.3750, lr: 5.0000000000000004e-08
2026-02-14 10:50:04,090 - INFO - [Evaluate] loss at epoch 0 step 0: 1.0367165803909302, cell type accuracy: 0.2000, f1 score: 0.1628, roc auc: 0.5640, lr: 0.000000
2026-02-14 10:50:04,090 - INFO - [Test] loss at epoch 0 step 0: 1.0274088382720947, cell type accuracy: 0.2400, f1 score: 0.1287, roc auc: 0.5289, lr: 0.000000
2026-02-14 10:50:04,093 - INFO - [Test] best validation f1_score: 0.1628 at epoch 0 step 0, test accuracy: 0.2400, f1_score: 0.1287, roc auc: 0.5289
2026-02-14 10:50:04,716 - INFO - [Train] loss at epoch 0 step 20: 1.1128499507904053, accuracy: 0.0000, lr: 1.0500000000000001e-06
2026-02-14 10:50:05,438 - INFO - [Evaluate] loss at epoch 0 step 20: 1.0344181060791016, cell type accuracy: 0.1125, f1 score: 0.0557, roc auc: 0.5530, lr: 0.000001
2026-02-14 10:50:05,438 - INFO - [Test] loss at epoch 0 step 20: 1.0282701253890991, cell type accuracy: 0.2200, f1 score: 0.0825, roc auc: 0.5324, lr: 0.000001
2026-02-14 10:50:06,032 - INFO - [Train] loss at epoch 0 step 40: 1.0232394933700562, accuracy: 0.0000, lr: 2.05e-06
2026-02-14 10:50:06,727 - INFO - [Evaluate] loss at epoch 0 step 40: 1.0055253505706787, cell type accuracy: 0.2375, f1 score: 0.0933, roc auc: 0.5347, lr: 0.000002
2026-02-14 10:50:06,727 - INFO - [Test] loss at epoch 0 step 40: 1.0319486856460571, cell type accuracy: 0.2250, f1 score: 0.1297, roc auc: 0.5466, lr: 0.000002
2026-02-14 10:50:07,319 - INFO - [Train] loss at epoch 0 step 60: 1.1200605630874634, accuracy: 0.1250, lr: 3.05e-06
2026-02-14 10:50:08,009 - INFO - [Evaluate] loss at epoch 0 step 60: 1.0593340396881104, cell type accuracy: 0.2500, f1 score: 0.0800, roc auc: 0.4315, lr: 0.000003
2026-02-14 10:50:08,010 - INFO - [Test] loss at epoch 0 step 60: 1.036167860031128, cell type accuracy: 0.2000, f1 score: 0.1284, roc auc: 0.4649, lr: 0.000003
2026-02-14 10:50:08,605 - INFO - [Train] loss at epoch 0 step 80: 1.009800910949707, accuracy: 0.2500, lr: 4.05e-06
2026-02-14 10:50:09,302 - INFO - [Evaluate] loss at epoch 0 step 80: 1.0208096504211426, cell type accuracy: 0.2500, f1 score: 0.0800, roc auc: 0.5661, lr: 0.000004
2026-02-14 10:50:09,302 - INFO - [Test] loss at epoch 0 step 80: 1.0391980409622192, cell type accuracy: 0.1750, f1 score: 0.0596, roc auc: 0.5294, lr: 0.000004
2026-02-14 10:50:09,951 - INFO - [Train] loss at epoch 1 step 100: 1.0255640745162964, accuracy: 0.1250, lr: 5.050000000000001e-06
2026-02-14 10:50:10,657 - INFO - [Evaluate] loss at epoch 1 step 100: 1.0438024997711182, cell type accuracy: 0.1000, f1 score: 0.0364, roc auc: 0.5061, lr: 0.000005
2026-02-14 10:50:10,657 - INFO - [Test] loss at epoch 1 step 100: 1.0629217624664307, cell type accuracy: 0.1950, f1 score: 0.0653, roc auc: 0.5649, lr: 0.000005
2026-02-14 10:50:11,249 - INFO - [Train] loss at epoch 1 step 120: 1.1018353700637817, accuracy: 0.1250, lr: 6.0500000000000005e-06
2026-02-14 10:50:11,941 - INFO - [Evaluate] loss at epoch 1 step 120: 0.9946195483207703, cell type accuracy: 0.2750, f1 score: 0.1030, roc auc: 0.5055, lr: 0.000006
2026-02-14 10:50:11,941 - INFO - [Test] loss at epoch 1 step 120: 1.0514020919799805, cell type accuracy: 0.2150, f1 score: 0.0708, roc auc: 0.5577, lr: 0.000006
2026-02-14 10:50:12,533 - INFO - [Train] loss at epoch 1 step 140: 1.070805311203003, accuracy: 0.0000, lr: 7.05e-06
2026-02-14 10:50:13,223 - INFO - [Evaluate] loss at epoch 1 step 140: 1.0439841747283936, cell type accuracy: 0.1125, f1 score: 0.0558, roc auc: 0.5525, lr: 0.000007
2026-02-14 10:50:13,223 - INFO - [Test] loss at epoch 1 step 140: 1.0412427186965942, cell type accuracy: 0.1950, f1 score: 0.0653, roc auc: 0.5380, lr: 0.000007
2026-02-14 10:50:13,814 - INFO - [Train] loss at epoch 1 step 160: 1.055968999862671, accuracy: 0.1250, lr: 8.050000000000001e-06
2026-02-14 10:50:14,506 - INFO - [Evaluate] loss at epoch 1 step 160: 1.0230189561843872, cell type accuracy: 0.2250, f1 score: 0.0735, roc auc: 0.4847, lr: 0.000008
2026-02-14 10:50:14,506 - INFO - [Test] loss at epoch 1 step 160: 1.0328350067138672, cell type accuracy: 0.1750, f1 score: 0.0596, roc auc: 0.4938, lr: 0.000008
2026-02-14 10:50:15,124 - INFO - [Train] loss at epoch 2 step 180: 1.0493323802947998, accuracy: 0.1250, lr: 9.050000000000001e-06
2026-02-14 10:50:15,815 - INFO - [Evaluate] loss at epoch 2 step 180: 1.032272458076477, cell type accuracy: 0.1375, f1 score: 0.0484, roc auc: 0.4561, lr: 0.000009
2026-02-14 10:50:15,815 - INFO - [Test] loss at epoch 2 step 180: 1.0284136533737183, cell type accuracy: 0.2400, f1 score: 0.0774, roc auc: 0.4985, lr: 0.000009
2026-02-14 10:50:16,404 - INFO - [Train] loss at epoch 2 step 200: 1.0156915187835693, accuracy: 0.2500, lr: 1e-05
2026-02-14 10:50:17,098 - INFO - [Evaluate] loss at epoch 2 step 200: 1.0205610990524292, cell type accuracy: 0.2500, f1 score: 0.0800, roc auc: 0.4672, lr: 0.000010
2026-02-14 10:50:17,098 - INFO - [Test] loss at epoch 2 step 200: 1.0344271659851074, cell type accuracy: 0.1750, f1 score: 0.0596, roc auc: 0.4965, lr: 0.000010
2026-02-14 10:50:17,688 - INFO - [Train] loss at epoch 2 step 220: 1.048129677772522, accuracy: 0.2500, lr: 1e-05
2026-02-14 10:50:18,380 - INFO - [Evaluate] loss at epoch 2 step 220: 1.0196819305419922, cell type accuracy: 0.2250, f1 score: 0.0735, roc auc: 0.5660, lr: 0.000010
2026-02-14 10:50:18,380 - INFO - [Test] loss at epoch 2 step 220: 1.0514914989471436, cell type accuracy: 0.1750, f1 score: 0.0596, roc auc: 0.5207, lr: 0.000010
2026-02-14 10:50:18,972 - INFO - [Train] loss at epoch 2 step 240: 1.0260429382324219, accuracy: 0.1250, lr: 1e-05
2026-02-14 10:50:19,663 - INFO - [Evaluate] loss at epoch 2 step 240: 1.0240423679351807, cell type accuracy: 0.2875, f1 score: 0.0893, roc auc: 0.4272, lr: 0.000010
2026-02-14 10:50:19,663 - INFO - [Test] loss at epoch 2 step 240: 1.0320147275924683, cell type accuracy: 0.2150, f1 score: 0.0708, roc auc: 0.4798, lr: 0.000010
2026-02-14 10:50:20,253 - INFO - [Train] loss at epoch 2 step 260: 1.0313547849655151, accuracy: 0.1250, lr: 1e-05
2026-02-14 10:50:20,945 - INFO - [Evaluate] loss at epoch 2 step 260: 1.028700590133667, cell type accuracy: 0.1000, f1 score: 0.0634, roc auc: 0.4308, lr: 0.000010
2026-02-14 10:50:20,945 - INFO - [Test] loss at epoch 2 step 260: 1.0314372777938843, cell type accuracy: 0.1950, f1 score: 0.0653, roc auc: 0.4758, lr: 0.000010
2026-02-14 10:50:21,582 - INFO - [Train] loss at epoch 3 step 280: 1.0132789611816406, accuracy: 0.2500, lr: 1e-05
2026-02-14 10:50:22,274 - INFO - [Evaluate] loss at epoch 3 step 280: 1.036208152770996, cell type accuracy: 0.1000, f1 score: 0.0364, roc auc: 0.4280, lr: 0.000010
2026-02-14 10:50:22,274 - INFO - [Test] loss at epoch 3 step 280: 1.0309606790542603, cell type accuracy: 0.1950, f1 score: 0.0653, roc auc: 0.4818, lr: 0.000010
2026-02-14 10:50:22,866 - INFO - [Train] loss at epoch 3 step 300: 1.0467026233673096, accuracy: 0.0000, lr: 1e-05
2026-02-14 10:50:23,557 - INFO - [Evaluate] loss at epoch 3 step 300: 1.0311205387115479, cell type accuracy: 0.1000, f1 score: 0.0364, roc auc: 0.4238, lr: 0.000010
2026-02-14 10:50:23,557 - INFO - [Test] loss at epoch 3 step 300: 1.0345797538757324, cell type accuracy: 0.1950, f1 score: 0.0653, roc auc: 0.4859, lr: 0.000010
2026-02-14 10:50:24,147 - INFO - [Train] loss at epoch 3 step 320: 1.0204973220825195, accuracy: 0.2500, lr: 1e-05
2026-02-14 10:50:24,837 - INFO - [Evaluate] loss at epoch 3 step 320: 1.0328090190887451, cell type accuracy: 0.1000, f1 score: 0.0364, roc auc: 0.4216, lr: 0.000010
2026-02-14 10:50:24,837 - INFO - [Test] loss at epoch 3 step 320: 1.03251314163208, cell type accuracy: 0.1950, f1 score: 0.0653, roc auc: 0.4898, lr: 0.000010
2026-02-14 10:50:25,429 - INFO - [Train] loss at epoch 3 step 340: 1.1128875017166138, accuracy: 0.0000, lr: 1e-05
2026-02-14 10:50:26,118 - INFO - [Evaluate] loss at epoch 3 step 340: 1.027333378791809, cell type accuracy: 0.1000, f1 score: 0.0364, roc auc: 0.4355, lr: 0.000010
2026-02-14 10:50:26,118 - INFO - [Test] loss at epoch 3 step 340: 1.0435460805892944, cell type accuracy: 0.1950, f1 score: 0.0653, roc auc: 0.4795, lr: 0.000010
2026-02-14 10:50:26,733 - INFO - [Train] loss at epoch 4 step 360: 1.038199543952942, accuracy: 0.1250, lr: 1e-05
2026-02-14 10:50:27,425 - INFO - [Evaluate] loss at epoch 4 step 360: 1.0165038108825684, cell type accuracy: 0.2875, f1 score: 0.0893, roc auc: 0.4677, lr: 0.000010
2026-02-14 10:50:27,425 - INFO - [Test] loss at epoch 4 step 360: 1.033045768737793, cell type accuracy: 0.2150, f1 score: 0.0708, roc auc: 0.4674, lr: 0.000010
2026-02-14 10:50:28,019 - INFO - [Train] loss at epoch 4 step 380: 1.0340851545333862, accuracy: 0.2500, lr: 1e-05
2026-02-14 10:50:28,710 - INFO - [Evaluate] loss at epoch 4 step 380: 1.0212750434875488, cell type accuracy: 0.2500, f1 score: 0.0800, roc auc: 0.4950, lr: 0.000010
2026-02-14 10:50:28,710 - INFO - [Test] loss at epoch 4 step 380: 1.0330232381820679, cell type accuracy: 0.1750, f1 score: 0.0596, roc auc: 0.4688, lr: 0.000010
2026-02-14 10:50:29,299 - INFO - [Train] loss at epoch 4 step 400: 1.0811066627502441, accuracy: 0.0000, lr: 1e-05
2026-02-14 10:50:29,989 - INFO - [Evaluate] loss at epoch 4 step 400: 1.0103765726089478, cell type accuracy: 0.2500, f1 score: 0.0800, roc auc: 0.4660, lr: 0.000010
2026-02-14 10:50:29,989 - INFO - [Test] loss at epoch 4 step 400: 1.0389736890792847, cell type accuracy: 0.1750, f1 score: 0.0596, roc auc: 0.4685, lr: 0.000010
2026-02-14 10:50:30,581 - INFO - [Train] loss at epoch 4 step 420: 1.059640884399414, accuracy: 0.0000, lr: 1e-05
2026-02-14 10:50:31,270 - INFO - [Evaluate] loss at epoch 4 step 420: 1.0126224756240845, cell type accuracy: 0.2500, f1 score: 0.0800, roc auc: 0.4583, lr: 0.000010
2026-02-14 10:50:31,270 - INFO - [Test] loss at epoch 4 step 420: 1.0378726720809937, cell type accuracy: 0.1750, f1 score: 0.0596, roc auc: 0.4727, lr: 0.000010
2026-02-14 10:50:32,049 - INFO - [Train] loss at epoch 4 step 440: 1.0392400026321411, accuracy: 0.1250, lr: 1e-05
2026-02-14 10:50:32,741 - INFO - [Evaluate] loss at epoch 4 step 440: 1.0184407234191895, cell type accuracy: 0.2875, f1 score: 0.0893, roc auc: 0.4799, lr: 0.000010
2026-02-14 10:50:32,741 - INFO - [Test] loss at epoch 4 step 440: 1.031721830368042, cell type accuracy: 0.2150, f1 score: 0.0708, roc auc: 0.4795, lr: 0.000010
Reading h5ad file from src/sample_data/PBMC169K/atac_pbmc_benchmark_EPF_hydrop_1_qc_deepen_norm_log.h5ad
Reading h5ad file from src/sample_data/PBMC169K/atac_pbmc_benchmark_VIB_10xv1_1_qc_deepen_norm_log.h5ad
Train Dataset Length: 720
Validation Dataset Length: 80
Test Dataset Length: 200
Missing keys (not found in checkpoint):
  feature_projection.0.weight
  feature_projection.0.bias
  feature_projection.3.weight
  feature_projection.3.bias
  ft_cell_type_projection.0.weight
  ft_cell_type_projection.0.bias
  ft_cell_type_projection.3.weight
  ft_cell_type_projection.3.bias
  ft_cell_type_projection.6.weight
  ft_cell_type_projection.6.bias
  ft_cell_type_projection.9.weight
  ft_cell_type_projection.9.bias
