2026-02-14 11:34:50,129 - INFO - PretrainLogger is configured and ready.
2026-02-14 11:34:50,132 - INFO - args from parser: Namespace(local_rank=0, batch_size=8, learning_rate=0.0003, pretrain_checkpoint_path='checkpoints', pretrain_model_file='model.pt', pretrain_config_file='chromfd_pretrain.yaml', cell_type_col='celltype', epoch=5, train_file_path='src/sample_data/PBMC169K/atac_pbmc_benchmark_EPF_hydrop_1_qc_deepen_norm_log.h5ad', test_file_path='src/sample_data/PBMC169K/atac_pbmc_benchmark_VIB_10xv1_1_qc_deepen_norm_log.h5ad', log_path='baseline/idea/idea-1/cell_type_annotation', load_pretrain_ckpt=True, use_gradient_clipping=True, gradient_clip_threshold=1.0, label_smoothing=0.1, use_hierarchical_lr=True, layer_decay=0.9, lr_scheduler_type='cosine', min_lr=1e-06, gamma=0.95)
2026-02-14 11:34:50,132 - INFO - max length for cell type finetune: 1000
2026-02-14 11:34:50,908 - INFO - Model parameters: FinetuneModelMambaCellType(
  (embedding): PretrainEmbeddingSimple(
    (value_embedding): ValueEmbedding(
      (embedding): Linear(in_features=1, out_features=128, bias=True)
    )
    (chromosome_embedding): Embedding(25, 128)
    (position_embedding): PositionalEmbeddingWithDnaPosition()
    (dropout): Dropout(p=0.1, inplace=False)
  )
  (backbone): MambaMixer(
    (layers): ModuleList(
      (0-3): 4 x Block(
        (norm): RMSNorm()
        (mixer): Mamba(
          (in_proj): Linear(in_features=32, out_features=128, bias=False)
          (conv1d): Conv1d(64, 64, kernel_size=(4,), stride=(1,), padding=(3,), groups=64)
          (act): SiLU()
          (x_proj): Linear(in_features=64, out_features=34, bias=False)
          (dt_proj): Linear(in_features=2, out_features=64, bias=True)
          (out_proj): Linear(in_features=64, out_features=32, bias=False)
        )
        (reduction_layer): Linear(in_features=128, out_features=32, bias=True)
        (expansion_layer): Linear(in_features=32, out_features=128, bias=True)
        (chromfound_block): ChromFoundTransformerBlock(
          (norm1): LayerNorm((128,), eps=1e-05, elementwise_affine=True)
          (attn): WindowAttention1D(
            (qkv): Linear(in_features=128, out_features=384, bias=True)
            (attn_drop): Dropout(p=0.0, inplace=False)
            (proj): Linear(in_features=128, out_features=128, bias=True)
            (proj_drop): Dropout(p=0.0, inplace=False)
          )
          (drop_path): Identity()
          (norm2): LayerNorm((128,), eps=1e-05, elementwise_affine=True)
          (mlp): Mlp(
            (fc1): Linear(in_features=128, out_features=128, bias=True)
            (act): GELU(approximate='none')
            (fc2): Linear(in_features=128, out_features=128, bias=True)
            (drop): Dropout(p=0.0, inplace=False)
          )
        )
      )
    )
    (norm_f): RMSNorm()
  )
  (mask_token_prediction): MaskTokenPrediction(
    (projection): Linear(in_features=128, out_features=1, bias=True)
  )
  (post_backbone_dropout): Dropout(p=0.3, inplace=False)
  (feature_projection): Sequential(
    (0): Linear(in_features=128, out_features=256, bias=True)
    (1): GELU(approximate='none')
    (2): Dropout(p=0.3, inplace=False)
    (3): Linear(in_features=256, out_features=1, bias=True)
    (4): GELU(approximate='none')
  )
  (ft_cell_type_projection): Sequential(
    (0): Linear(in_features=1000, out_features=1024, bias=True)
    (1): GELU(approximate='none')
    (2): Dropout(p=0.3, inplace=False)
    (3): Linear(in_features=1024, out_features=512, bias=True)
    (4): GELU(approximate='none')
    (5): Dropout(p=0.3, inplace=False)
    (6): Linear(in_features=512, out_features=128, bias=True)
    (7): GELU(approximate='none')
    (8): Dropout(p=0.3, inplace=False)
    (9): Linear(in_features=128, out_features=5, bias=True)
  )
)
2026-02-14 11:34:50,908 - INFO - Using hierarchical learning rates for different model layers
2026-02-14 11:34:50,908 - INFO - Using cosine annealing scheduler with T_max=450, eta_min=1e-06
/root/2022633669253128192/src/cell_type_annotation.py:409: FutureWarning: You are using `torch.load` with `weights_only=False` (the current default value), which uses the default pickle module implicitly. It is possible to construct malicious pickle data which will execute arbitrary code during unpickling (See https://github.com/pytorch/pytorch/blob/main/SECURITY.md#untrusted-models for more details). In a future release, the default value for `weights_only` will be flipped to `True`. This limits the functions that could be executed during unpickling. Arbitrary objects will no longer be allowed to be loaded via this mode unless they are explicitly allowlisted by the user via `torch.serialization.add_safe_globals`. We recommend you start setting `weights_only=True` for any use case where you don't have full control of the loaded file. Please open an issue on GitHub for any issues related to this experimental feature.
  state_dict = torch.load(str(os.path.join(args.pretrain_checkpoint_path, args.pretrain_model_file)))
2026-02-14 11:34:50,916 - INFO - Using label smoothing with factor: 0.1
2026-02-14 11:34:50,916 - INFO - Gradient clipping threshold: 1.0
2026-02-14 11:34:54,541 - INFO - [Train] loss at epoch 0 step 0: 1.6960734128952026, accuracy: 0.0000, lr: 0.000219
2026-02-14 11:34:55,200 - INFO - [Evaluate] loss at epoch 0 step 0: 1.608777403831482, cell type accuracy: 0.2750, f1 score: 0.2512, lr: 0.000219
2026-02-14 11:34:55,200 - INFO - [Test] loss at epoch 0 step 0: 1.610721230506897, cell type accuracy: 0.1700, f1 score: 0.0715, lr: 0.000219
2026-02-14 11:34:55,206 - INFO - [Test] best validation f1_score: 0.2512 at epoch 0 step 0, test accuracy: 0.1700, f1_score: 0.0715
2026-02-14 11:34:55,904 - INFO - [Train] loss at epoch 0 step 20: 1.5264791250228882, accuracy: 0.5000, lr: 0.000218
2026-02-14 11:34:56,566 - INFO - [Evaluate] loss at epoch 0 step 20: 1.61127507686615, cell type accuracy: 0.2250, f1 score: 0.1257, lr: 0.000218
2026-02-14 11:34:56,566 - INFO - [Test] loss at epoch 0 step 20: 1.6143630743026733, cell type accuracy: 0.2100, f1 score: 0.0700, lr: 0.000218
2026-02-14 11:34:57,209 - INFO - [Train] loss at epoch 0 step 40: 1.6030669212341309, accuracy: 0.3750, lr: 0.000214
2026-02-14 11:34:57,862 - INFO - [Evaluate] loss at epoch 0 step 40: 1.6208429336547852, cell type accuracy: 0.1625, f1 score: 0.0559, lr: 0.000214
2026-02-14 11:34:57,862 - INFO - [Test] loss at epoch 0 step 40: 1.614441990852356, cell type accuracy: 0.1750, f1 score: 0.0596, lr: 0.000214
2026-02-14 11:34:58,524 - INFO - [Train] loss at epoch 0 step 60: 1.61440110206604, accuracy: 0.1250, lr: 0.000209
2026-02-14 11:34:59,174 - INFO - [Evaluate] loss at epoch 0 step 60: 1.6101967096328735, cell type accuracy: 0.1625, f1 score: 0.0559, lr: 0.000209
2026-02-14 11:34:59,174 - INFO - [Test] loss at epoch 0 step 60: 1.6097900867462158, cell type accuracy: 0.1750, f1 score: 0.0596, lr: 0.000209
2026-02-14 11:34:59,803 - INFO - [Train] loss at epoch 0 step 80: 1.6038908958435059, accuracy: 0.5000, lr: 0.000202
2026-02-14 11:35:00,458 - INFO - [Evaluate] loss at epoch 0 step 80: 1.610048532485962, cell type accuracy: 0.1625, f1 score: 0.0559, lr: 0.000202
2026-02-14 11:35:00,458 - INFO - [Test] loss at epoch 0 step 80: 1.6103888750076294, cell type accuracy: 0.1750, f1 score: 0.0596, lr: 0.000202
2026-02-14 11:35:01,124 - INFO - [Train] loss at epoch 1 step 100: 1.6111867427825928, accuracy: 0.1250, lr: 0.000193
2026-02-14 11:35:01,773 - INFO - [Evaluate] loss at epoch 1 step 100: 1.610150694847107, cell type accuracy: 0.1625, f1 score: 0.0559, lr: 0.000193
2026-02-14 11:35:01,774 - INFO - [Test] loss at epoch 1 step 100: 1.6105011701583862, cell type accuracy: 0.1750, f1 score: 0.0596, lr: 0.000193
2026-02-14 11:35:02,402 - INFO - [Train] loss at epoch 1 step 120: 1.611919641494751, accuracy: 0.2500, lr: 0.000182
2026-02-14 11:35:03,053 - INFO - [Evaluate] loss at epoch 1 step 120: 1.609372615814209, cell type accuracy: 0.1625, f1 score: 0.0559, lr: 0.000182
2026-02-14 11:35:03,053 - INFO - [Test] loss at epoch 1 step 120: 1.6111897230148315, cell type accuracy: 0.1750, f1 score: 0.0596, lr: 0.000182
2026-02-14 11:35:03,679 - INFO - [Train] loss at epoch 1 step 140: 1.6139209270477295, accuracy: 0.2500, lr: 0.000170
2026-02-14 11:35:04,329 - INFO - [Evaluate] loss at epoch 1 step 140: 1.6086965799331665, cell type accuracy: 0.2000, f1 score: 0.0667, lr: 0.000170
2026-02-14 11:35:04,329 - INFO - [Test] loss at epoch 1 step 140: 1.6112642288208008, cell type accuracy: 0.2150, f1 score: 0.0708, lr: 0.000170
2026-02-14 11:35:04,955 - INFO - [Train] loss at epoch 1 step 160: 1.6083009243011475, accuracy: 0.2500, lr: 0.000157
2026-02-14 11:35:05,606 - INFO - [Evaluate] loss at epoch 1 step 160: 1.6086419820785522, cell type accuracy: 0.2000, f1 score: 0.0667, lr: 0.000157
2026-02-14 11:35:05,606 - INFO - [Test] loss at epoch 1 step 160: 1.6112713813781738, cell type accuracy: 0.2150, f1 score: 0.0708, lr: 0.000157
2026-02-14 11:35:06,280 - INFO - [Train] loss at epoch 2 step 180: 1.6322499513626099, accuracy: 0.1250, lr: 0.000143
2026-02-14 11:35:06,942 - INFO - [Evaluate] loss at epoch 2 step 180: 1.6093100309371948, cell type accuracy: 0.1625, f1 score: 0.0559, lr: 0.000143
2026-02-14 11:35:06,942 - INFO - [Test] loss at epoch 2 step 180: 1.6120457649230957, cell type accuracy: 0.1750, f1 score: 0.0596, lr: 0.000143
2026-02-14 11:35:07,577 - INFO - [Train] loss at epoch 2 step 200: 1.591586947441101, accuracy: 0.1250, lr: 0.000128
2026-02-14 11:35:08,238 - INFO - [Evaluate] loss at epoch 2 step 200: 1.6098370552062988, cell type accuracy: 0.1625, f1 score: 0.0559, lr: 0.000128
2026-02-14 11:35:08,238 - INFO - [Test] loss at epoch 2 step 200: 1.612675428390503, cell type accuracy: 0.1750, f1 score: 0.0596, lr: 0.000128
2026-02-14 11:35:08,863 - INFO - [Train] loss at epoch 2 step 220: 1.5873098373413086, accuracy: 0.2500, lr: 0.000113
2026-02-14 11:35:09,512 - INFO - [Evaluate] loss at epoch 2 step 220: 1.6088650226593018, cell type accuracy: 0.1625, f1 score: 0.0559, lr: 0.000113
2026-02-14 11:35:09,513 - INFO - [Test] loss at epoch 2 step 220: 1.6123449802398682, cell type accuracy: 0.1750, f1 score: 0.0596, lr: 0.000113
2026-02-14 11:35:10,139 - INFO - [Train] loss at epoch 2 step 240: 1.5998013019561768, accuracy: 0.2500, lr: 0.000098
2026-02-14 11:35:10,790 - INFO - [Evaluate] loss at epoch 2 step 240: 1.6092132329940796, cell type accuracy: 0.1625, f1 score: 0.0559, lr: 0.000098
2026-02-14 11:35:10,790 - INFO - [Test] loss at epoch 2 step 240: 1.61285400390625, cell type accuracy: 0.1750, f1 score: 0.0596, lr: 0.000098
2026-02-14 11:35:11,412 - INFO - [Train] loss at epoch 2 step 260: 1.6255890130996704, accuracy: 0.1250, lr: 0.000083
2026-02-14 11:35:12,061 - INFO - [Evaluate] loss at epoch 2 step 260: 1.608940601348877, cell type accuracy: 0.1625, f1 score: 0.0559, lr: 0.000083
2026-02-14 11:35:12,061 - INFO - [Test] loss at epoch 2 step 260: 1.613222360610962, cell type accuracy: 0.1750, f1 score: 0.0596, lr: 0.000083
2026-02-14 11:35:12,713 - INFO - [Train] loss at epoch 3 step 280: 1.6046191453933716, accuracy: 0.3750, lr: 0.000068
2026-02-14 11:35:13,365 - INFO - [Evaluate] loss at epoch 3 step 280: 1.6096632480621338, cell type accuracy: 0.1625, f1 score: 0.0559, lr: 0.000068
2026-02-14 11:35:13,366 - INFO - [Test] loss at epoch 3 step 280: 1.6132882833480835, cell type accuracy: 0.1750, f1 score: 0.0596, lr: 0.000068
2026-02-14 11:35:13,988 - INFO - [Train] loss at epoch 3 step 300: 1.6200571060180664, accuracy: 0.0000, lr: 0.000055
2026-02-14 11:35:14,638 - INFO - [Evaluate] loss at epoch 3 step 300: 1.609816312789917, cell type accuracy: 0.1625, f1 score: 0.0559, lr: 0.000055
2026-02-14 11:35:14,638 - INFO - [Test] loss at epoch 3 step 300: 1.61299729347229, cell type accuracy: 0.1750, f1 score: 0.0596, lr: 0.000055
2026-02-14 11:35:15,263 - INFO - [Train] loss at epoch 3 step 320: 1.606587529182434, accuracy: 0.2500, lr: 0.000042
2026-02-14 11:35:15,914 - INFO - [Evaluate] loss at epoch 3 step 320: 1.609776496887207, cell type accuracy: 0.1625, f1 score: 0.0559, lr: 0.000042
2026-02-14 11:35:15,915 - INFO - [Test] loss at epoch 3 step 320: 1.6131139993667603, cell type accuracy: 0.1750, f1 score: 0.0596, lr: 0.000042
2026-02-14 11:35:16,541 - INFO - [Train] loss at epoch 3 step 340: 1.6218812465667725, accuracy: 0.0000, lr: 0.000031
2026-02-14 11:35:17,192 - INFO - [Evaluate] loss at epoch 3 step 340: 1.609649658203125, cell type accuracy: 0.1625, f1 score: 0.0559, lr: 0.000031
2026-02-14 11:35:17,192 - INFO - [Test] loss at epoch 3 step 340: 1.6133652925491333, cell type accuracy: 0.1750, f1 score: 0.0596, lr: 0.000031
2026-02-14 11:35:17,851 - INFO - [Train] loss at epoch 4 step 360: 1.5975968837738037, accuracy: 0.3750, lr: 0.000021
2026-02-14 11:35:18,503 - INFO - [Evaluate] loss at epoch 4 step 360: 1.6097007989883423, cell type accuracy: 0.1625, f1 score: 0.0559, lr: 0.000021
2026-02-14 11:35:18,503 - INFO - [Test] loss at epoch 4 step 360: 1.6133607625961304, cell type accuracy: 0.1750, f1 score: 0.0596, lr: 0.000021
2026-02-14 11:35:19,126 - INFO - [Train] loss at epoch 4 step 380: 1.5973491668701172, accuracy: 0.3750, lr: 0.000013
2026-02-14 11:35:19,774 - INFO - [Evaluate] loss at epoch 4 step 380: 1.609770655632019, cell type accuracy: 0.1625, f1 score: 0.0559, lr: 0.000013
2026-02-14 11:35:19,774 - INFO - [Test] loss at epoch 4 step 380: 1.6133825778961182, cell type accuracy: 0.1750, f1 score: 0.0596, lr: 0.000013
2026-02-14 11:35:20,396 - INFO - [Train] loss at epoch 4 step 400: 1.6307767629623413, accuracy: 0.0000, lr: 0.000007
2026-02-14 11:35:21,046 - INFO - [Evaluate] loss at epoch 4 step 400: 1.6097712516784668, cell type accuracy: 0.1625, f1 score: 0.0559, lr: 0.000007
2026-02-14 11:35:21,046 - INFO - [Test] loss at epoch 4 step 400: 1.613464117050171, cell type accuracy: 0.1750, f1 score: 0.0596, lr: 0.000007
2026-02-14 11:35:21,669 - INFO - [Train] loss at epoch 4 step 420: 1.6158866882324219, accuracy: 0.2500, lr: 0.000003
2026-02-14 11:35:22,317 - INFO - [Evaluate] loss at epoch 4 step 420: 1.6097590923309326, cell type accuracy: 0.1625, f1 score: 0.0559, lr: 0.000003
2026-02-14 11:35:22,317 - INFO - [Test] loss at epoch 4 step 420: 1.6134684085845947, cell type accuracy: 0.1750, f1 score: 0.0596, lr: 0.000003
2026-02-14 11:35:23,135 - INFO - [Train] loss at epoch 4 step 440: 1.6024422645568848, accuracy: 0.2500, lr: 0.000001
2026-02-14 11:35:23,790 - INFO - [Evaluate] loss at epoch 4 step 440: 1.6097544431686401, cell type accuracy: 0.1625, f1 score: 0.0559, lr: 0.000001
2026-02-14 11:35:23,790 - INFO - [Test] loss at epoch 4 step 440: 1.613461971282959, cell type accuracy: 0.1750, f1 score: 0.0596, lr: 0.000001
Reading h5ad file from src/sample_data/PBMC169K/atac_pbmc_benchmark_EPF_hydrop_1_qc_deepen_norm_log.h5ad
Reading h5ad file from src/sample_data/PBMC169K/atac_pbmc_benchmark_VIB_10xv1_1_qc_deepen_norm_log.h5ad
Train dataset var columns: ['#Chromosome', 'hg38_Start', 'hg38_End']
Test dataset var columns: ['#Chromosome', 'hg38_Start', 'hg38_End']
Train Dataset Length: 720
Validation Dataset Length: 80
Test Dataset Length: 200
Missing keys (not found in checkpoint):
  feature_projection.0.weight
  feature_projection.0.bias
  feature_projection.3.weight
  feature_projection.3.bias
  ft_cell_type_projection.0.weight
  ft_cell_type_projection.0.bias
  ft_cell_type_projection.3.weight
  ft_cell_type_projection.3.bias
  ft_cell_type_projection.6.weight
  ft_cell_type_projection.6.bias
  ft_cell_type_projection.9.weight
  ft_cell_type_projection.9.bias
