# ChromFound Model Improvement Summary

## Overview
This document summarizes the improvements made to the ChromFound model by implementing a genomic context-aware dynamic convolution module to enhance cell type annotation accuracy and F1 score.

## Key Improvements Implemented

### 1. Genomic Context-Aware Dynamic Convolution Module
- **Genomic Context Encoder**: Fuses genomic position information (chromosome, start/end coordinates) with sequence features to create rich contextual representations
- **Dynamic Convolution Kernel Generator**: Adapts convolution kernels based on genomic context, allowing the model to focus on relevant patterns in different genomic regions
- **Genomic-Aware Position Embedding**: Enhances positional encoding with genomic structure awareness, improving understanding of spatial relationships in DNA sequences
- **Hybrid Architecture Integration**: Seamlessly combines dynamic convolution with existing Mamba and WPSA modules through a gating mechanism

### 2. Architecture Enhancements
- Integrated the genomic dynamic convolution blocks into the existing transformer-mamba hybrid architecture
- Maintained compatibility with the original model while adding new capabilities
- Implemented efficient dimensionality management between different module types
- Added gating mechanisms to balance contributions from different architectural components

### 3. Technical Innovations
- Dynamic kernel generation based on genomic context rather than fixed convolution windows
- Context-dependent receptive field adjustment for better local pattern capture
- Preservation of genomic structural information throughout the processing pipeline
- Efficient combination of convolution-based local feature extraction with attention-based global modeling

## Expected Performance Improvements

### Cell Type Annotation Metrics
Based on the architectural enhancements, we expect:
- **Improved Cell Type Accuracy**: Better local pattern recognition should lead to more accurate cell type classification
- **Enhanced F1 Score**: The combination of dynamic convolutions with existing attention mechanisms should provide better precision-recall balance
- **Robustness**: Genomic context awareness should improve model robustness across different genomic regions and experimental conditions

### Computational Benefits
- More efficient local feature extraction compared to pure attention mechanisms
- Adaptive receptive fields that focus computational resources on relevant genomic regions
- Better handling of variable-length genomic sequences

## Implementation Details

### Files Modified
1. `src/models/genomic_dynamic_conv.py` - New dynamic convolution module implementation
2. `src/models/chromfd_block.py` - Updated block architecture with genomic convolution integration
3. `src/models/chromfd_mixer.py` - Updated mixer to pass positional information
4. `src/models/embedding_model.py` - Fixed positional embedding implementation
5. `src/models/improved_cell_type_model.py` - New improved cell type classification model
6. `src/cell_type_annotation.py` - Updated to use improved model

### Core Components
- **GenomicContextEncoder**: Encodes positional and sequence information
- **DynamicConvKernelGenerator**: Creates adaptive kernels based on context
- **GenomicAwarePositionEmbedding**: Enhanced positional encoding
- **GenomicDynamicConvLayer**: Single layer of dynamic convolution
- **GenomicDynamicConvBlock**: Complete block with gating mechanism

## Validation Results
The improved model architecture has been validated through:
- Successful instantiation with proper parameter counts
- Correct forward pass execution with expected input/output dimensions
- Compatibility with existing training pipeline
- Proper integration with genomic position information

## Expected Impact
The genomic context-aware dynamic convolution module addresses key limitations of the original architecture by:
- Capturing local genomic patterns more effectively than fixed-window approaches
- Adapting to different genomic contexts automatically
- Combining the strengths of convolutional and attention-based methods
- Preserving important genomic structural information throughout processing

## Conclusion
The implementation successfully introduces a novel genomic context-aware dynamic convolution module that enhances the ChromFound model's ability to perform cell type annotation. The hybrid architecture leverages both convolutional and attention mechanisms while maintaining computational efficiency. When trained on appropriate datasets, this improved model is expected to achieve higher cell type accuracy and F1 scores compared to the baseline implementation.

Performance gains will be realized through:
- Better local feature extraction in genomic sequences
- Adaptive processing based on genomic context
- Enhanced integration of positional and sequence information
- More robust pattern recognition across diverse cell types