/root/2022637695701082112/src/cell_type_annotation.py:324: FutureWarning: Use anndata.concat instead of AnnData.concatenate, AnnData.concatenate is deprecated and will be removed in the future. See the tutorial for concat at: https://anndata.readthedocs.io/en/latest/concatenation.html
  adata_concat = sc.AnnData.concatenate(adata_train_val, adata_test)
2026-02-14 11:47:51,463 - INFO - PretrainLogger is configured and ready.
2026-02-14 11:47:51,463 - INFO - args from parser: Namespace(local_rank=0, batch_size=8, learning_rate=0.0003, pretrain_checkpoint_path='checkpoints', pretrain_model_file='model.pt', pretrain_config_file='chromfd_pretrain.yaml', cell_type_col='celltype', epoch=5, train_file_path='src/sample_data/PBMC169K/atac_pbmc_benchmark_EPF_hydrop_1_qc_deepen_norm_log.h5ad', test_file_path='src/sample_data/PBMC169K/atac_pbmc_benchmark_VIB_10xv1_1_qc_deepen_norm_log.h5ad', log_path='output/idea1/cell_type_annotation', load_pretrain_ckpt=True, lr_scheduler_type='cosine', warmup_steps=200, patience=3)
2026-02-14 11:47:51,463 - INFO - max length for cell type finetune: 1000
2026-02-14 11:47:52,141 - INFO - Model parameters: FinetuneModelMambaCellType(
  (embedding): PretrainEmbeddingSimple(
    (value_embedding): ValueEmbedding(
      (embedding): Linear(in_features=1, out_features=128, bias=True)
    )
    (chromosome_embedding): Embedding(25, 128)
    (position_embedding): PositionalEmbeddingWithDnaPosition()
    (dropout): Dropout(p=0.1, inplace=False)
  )
  (backbone): MambaMixer(
    (layers): ModuleList(
      (0-3): 4 x Block(
        (norm): RMSNorm()
        (mixer): Mamba(
          (in_proj): Linear(in_features=32, out_features=128, bias=False)
          (conv1d): Conv1d(64, 64, kernel_size=(4,), stride=(1,), padding=(3,), groups=64)
          (act): SiLU()
          (x_proj): Linear(in_features=64, out_features=34, bias=False)
          (dt_proj): Linear(in_features=2, out_features=64, bias=True)
          (out_proj): Linear(in_features=64, out_features=32, bias=False)
        )
        (reduction_layer): Linear(in_features=128, out_features=32, bias=True)
        (expansion_layer): Linear(in_features=32, out_features=128, bias=True)
        (chromfound_block): ChromFoundTransformerBlock(
          (norm1): LayerNorm((128,), eps=1e-05, elementwise_affine=True)
          (attn): WindowAttention1D(
            (qkv): Linear(in_features=128, out_features=384, bias=True)
            (attn_drop): Dropout(p=0.0, inplace=False)
            (proj): Linear(in_features=128, out_features=128, bias=True)
            (proj_drop): Dropout(p=0.0, inplace=False)
          )
          (drop_path): Identity()
          (norm2): LayerNorm((128,), eps=1e-05, elementwise_affine=True)
          (mlp): Mlp(
            (fc1): Linear(in_features=128, out_features=128, bias=True)
            (act): GELU(approximate='none')
            (fc2): Linear(in_features=128, out_features=128, bias=True)
            (drop): Dropout(p=0.0, inplace=False)
          )
        )
      )
    )
    (norm_f): RMSNorm()
  )
  (mask_token_prediction): MaskTokenPrediction(
    (projection): Linear(in_features=128, out_features=1, bias=True)
  )
  (post_backbone_dropout): Dropout(p=0.3, inplace=False)
  (feature_projection): Sequential(
    (0): Linear(in_features=128, out_features=256, bias=True)
    (1): GELU(approximate='none')
    (2): Dropout(p=0.3, inplace=False)
    (3): Linear(in_features=256, out_features=1, bias=True)
    (4): GELU(approximate='none')
  )
  (ft_cell_type_projection): Sequential(
    (0): Linear(in_features=1000, out_features=1024, bias=True)
    (1): GELU(approximate='none')
    (2): Dropout(p=0.3, inplace=False)
    (3): Linear(in_features=1024, out_features=512, bias=True)
    (4): GELU(approximate='none')
    (5): Dropout(p=0.3, inplace=False)
    (6): Linear(in_features=512, out_features=128, bias=True)
    (7): GELU(approximate='none')
    (8): Dropout(p=0.3, inplace=False)
    (9): Linear(in_features=128, out_features=5, bias=True)
  )
)
/root/2022637695701082112/src/cell_type_annotation.py:427: FutureWarning: You are using `torch.load` with `weights_only=False` (the current default value), which uses the default pickle module implicitly. It is possible to construct malicious pickle data which will execute arbitrary code during unpickling (See https://github.com/pytorch/pytorch/blob/main/SECURITY.md#untrusted-models for more details). In a future release, the default value for `weights_only` will be flipped to `True`. This limits the functions that could be executed during unpickling. Arbitrary objects will no longer be allowed to be loaded via this mode unless they are explicitly allowlisted by the user via `torch.serialization.add_safe_globals`. We recommend you start setting `weights_only=True` for any use case where you don't have full control of the loaded file. Please open an issue on GitHub for any issues related to this experimental feature.
  state_dict = torch.load(str(os.path.join(args.pretrain_checkpoint_path, args.pretrain_model_file)))
2026-02-14 11:47:55,732 - INFO - [Train] loss at epoch 0 step 0: 1.3190323114395142, accuracy: 0.0000, lr: 0.000001
2026-02-14 11:47:56,497 - INFO - [Evaluate] loss at epoch 0 step 0: 1.0543670654296875, cell type accuracy: 0.2125, f1 score: 0.1227, lr: 0.000001
2026-02-14 11:47:56,497 - INFO - [Test] loss at epoch 0 step 0: 1.059336543083191, cell type accuracy: 0.1700, f1 score: 0.0841, lr: 0.000001
2026-02-14 11:47:56,497 - INFO - [Test] best validation f1_score: 0.1227 at epoch 0 step 0, test accuracy: 0.1700, f1_score: 0.0841
2026-02-14 11:47:57,139 - INFO - [Train] loss at epoch 0 step 20: 1.084864616394043, accuracy: 0.2500, lr: 0.000031
2026-02-14 11:47:57,891 - INFO - [Evaluate] loss at epoch 0 step 20: 1.049892783164978, cell type accuracy: 0.2000, f1 score: 0.0674, lr: 0.000031
2026-02-14 11:47:57,892 - INFO - [Test] loss at epoch 0 step 20: 1.0464948415756226, cell type accuracy: 0.2400, f1 score: 0.1703, lr: 0.000031
2026-02-14 11:47:58,516 - INFO - [Train] loss at epoch 0 step 40: 1.1539889574050903, accuracy: 0.1250, lr: 0.000061
2026-02-14 11:47:59,272 - INFO - [Evaluate] loss at epoch 0 step 40: 1.047454595565796, cell type accuracy: 0.2000, f1 score: 0.0870, lr: 0.000061
2026-02-14 11:47:59,272 - INFO - [Test] loss at epoch 0 step 40: 1.0368232727050781, cell type accuracy: 0.2650, f1 score: 0.1836, lr: 0.000061
2026-02-14 11:47:59,898 - INFO - [Train] loss at epoch 0 step 60: 1.067204236984253, accuracy: 0.2500, lr: 0.000091
2026-02-14 11:48:00,655 - INFO - [Evaluate] loss at epoch 0 step 60: 1.0403642654418945, cell type accuracy: 0.2000, f1 score: 0.0674, lr: 0.000091
2026-02-14 11:48:00,655 - INFO - [Test] loss at epoch 0 step 60: 1.0302892923355103, cell type accuracy: 0.2250, f1 score: 0.1350, lr: 0.000091
2026-02-14 11:48:01,280 - INFO - [Train] loss at epoch 0 step 80: 1.0191086530685425, accuracy: 0.3750, lr: 0.000121
2026-02-14 11:48:02,036 - INFO - [Evaluate] loss at epoch 0 step 80: 1.0302399396896362, cell type accuracy: 0.1875, f1 score: 0.0632, lr: 0.000121
2026-02-14 11:48:02,037 - INFO - [Test] loss at epoch 0 step 80: 1.0324076414108276, cell type accuracy: 0.1750, f1 score: 0.0818, lr: 0.000121
2026-02-14 11:48:02,331 - INFO - Epoch 0 completed. Best validation f1_score so far: 0.1227
2026-02-14 11:48:02,675 - INFO - [Train] loss at epoch 1 step 100: 0.9932695031166077, accuracy: 0.2500, lr: 0.000151
2026-02-14 11:48:03,430 - INFO - [Evaluate] loss at epoch 1 step 100: 1.0309475660324097, cell type accuracy: 0.1875, f1 score: 0.0638, lr: 0.000151
2026-02-14 11:48:03,430 - INFO - [Test] loss at epoch 1 step 100: 1.035508394241333, cell type accuracy: 0.1750, f1 score: 0.0596, lr: 0.000151
2026-02-14 11:48:04,058 - INFO - [Train] loss at epoch 1 step 120: 1.0251426696777344, accuracy: 0.3750, lr: 0.000181
2026-02-14 11:48:04,822 - INFO - [Evaluate] loss at epoch 1 step 120: 1.0318503379821777, cell type accuracy: 0.2000, f1 score: 0.0667, lr: 0.000181
2026-02-14 11:48:04,822 - INFO - [Test] loss at epoch 1 step 120: 1.0332996845245361, cell type accuracy: 0.1750, f1 score: 0.1053, lr: 0.000181
2026-02-14 11:48:04,822 - INFO - Early stopping triggered after 3 epochs without improvement.
2026-02-14 11:48:04,822 - INFO - Best validation f1_score: 0.1227
Reading h5ad file from src/sample_data/PBMC169K/atac_pbmc_benchmark_EPF_hydrop_1_qc_deepen_norm_log.h5ad
Reading h5ad file from src/sample_data/PBMC169K/atac_pbmc_benchmark_VIB_10xv1_1_qc_deepen_norm_log.h5ad
Train Dataset Length: 720
Validation Dataset Length: 80
Test Dataset Length: 200
Missing keys (not found in checkpoint):
  feature_projection.0.weight
  feature_projection.0.bias
  feature_projection.3.weight
  feature_projection.3.bias
  ft_cell_type_projection.0.weight
  ft_cell_type_projection.0.bias
  ft_cell_type_projection.3.weight
  ft_cell_type_projection.3.bias
  ft_cell_type_projection.6.weight
  ft_cell_type_projection.6.bias
  ft_cell_type_projection.9.weight
  ft_cell_type_projection.9.bias
